// Jest Snapshot v1, https://goo.gl/fbAQLP

exports[`matches snapshot 1`] = `
<DocumentFragment>
  <div>
    <form
      class="NewTodoForm"
    >
      <div>
        <label
          for="text"
        >
          New Todo
        </label>
        <input
          id="text"
          name="text"
          type="text"
          value=""
        />
      </div>
      <button
        class="NewTodoForm-button"
        id="newBoxBtn"
      >
        Add Todo
      </button>
    </form>
  </div>
</DocumentFragment>
`;
